--------------------------------------------------------------------------------------
Timing Analyzer Summary
--------------------------------------------------------------------------------------

Type           : Worst-case tsu
Slack          : N/A
Required Time  : None
Actual Time    : 8.215 ns
From           : abus_in[0]
To             : tris_reg[5]
From Clock     : --
To Clock       : clk_in
Failed Paths   : 0

Type           : Worst-case tco
Slack          : N/A
Required Time  : None
Actual Time    : 13.883 ns
From           : latch[4]
To             : dbus_out[4]
From Clock     : abus_in[0]
To Clock       : --
Failed Paths   : 0

Type           : Worst-case tpd
Slack          : N/A
Required Time  : None
Actual Time    : 13.297 ns
From           : abus_in[0]
To             : dbus_out[7]
From Clock     : --
To Clock       : --
Failed Paths   : 0

Type           : Worst-case th
Slack          : N/A
Required Time  : None
Actual Time    : -0.189 ns
From           : port_io[5]
To             : latch[5]
From Clock     : --
To Clock       : abus_in[0]
Failed Paths   : 0

Type           : Total number of failed paths
Slack          : 
Required Time  : 
Actual Time    : 
From           : 
To             : 
From Clock     : 
To Clock       : 
Failed Paths   : 0

--------------------------------------------------------------------------------------

